// Jest Snapshot v1, https://goo.gl/fbAQLP

exports[`<WorkLockDashboard /> should render correctly 1`] = `
<DocumentFragment>
  <div
    class="d-flex justify-content-center"
  >
    <div
      class="sk-fading-circle d-inline-block"
      style="height: 80px; width: 80px;"
    >
      <div
        class="sk-circle1 sk-circle"
      />
      <div
        class="sk-circle2 sk-circle"
      />
      <div
        class="sk-circle3 sk-circle"
      />
      <div
        class="sk-circle4 sk-circle"
      />
      <div
        class="sk-circle5 sk-circle"
      />
      <div
        class="sk-circle6 sk-circle"
      />
      <div
        class="sk-circle7 sk-circle"
      />
      <div
        class="sk-circle8 sk-circle"
      />
      <div
        class="sk-circle9 sk-circle"
      />
      <div
        class="sk-circle10 sk-circle"
      />
      <div
        class="sk-circle11 sk-circle"
      />
      <div
        class="sk-circle12 sk-circle"
      />
    </div>
  </div>
</DocumentFragment>
`;
